# 4 表锁与行锁

> &emsp;&emsp; 锁（`lock`）是计算机协调多个进程或者线程并发访问某一资源的机制。保证用户对数据**并发**访问的一致性。


***
<p align="right">-***Tacks [^NAME]***</p>
[^NAME]: This is my Sign! My name is `Tao A`, email is `tacks321@qq.com` <br/>
If you find any mistakes , you can contact me!

<p align="right"><sup>2019/12/17 Tuesday</sup></p>

## 目录
<!-- MarkdownTOC autolink="true" autoanchor="true" -->

- [1. Myisam的表锁](#1-myisam%E7%9A%84%E8%A1%A8%E9%94%81)
    - [1.1 查看当前系统中对表锁的争夺情况](#11-%E6%9F%A5%E7%9C%8B%E5%BD%93%E5%89%8D%E7%B3%BB%E7%BB%9F%E4%B8%AD%E5%AF%B9%E8%A1%A8%E9%94%81%E7%9A%84%E4%BA%89%E5%A4%BA%E6%83%85%E5%86%B5)
    - [1.2 Myisam表级锁\(表共享读锁-表独占写锁\)](#12-myisam%E8%A1%A8%E7%BA%A7%E9%94%81%E8%A1%A8%E5%85%B1%E4%BA%AB%E8%AF%BB%E9%94%81-%E8%A1%A8%E7%8B%AC%E5%8D%A0%E5%86%99%E9%94%81)
        - [\[场景\]读阻塞写](#%E5%9C%BA%E6%99%AF%E8%AF%BB%E9%98%BB%E5%A1%9E%E5%86%99)
    - [1.3 并发插入\(Concurrent Inserts\)](#13-%E5%B9%B6%E5%8F%91%E6%8F%92%E5%85%A5concurrent-inserts)
        - [\[场景\]读写并发](#%E5%9C%BA%E6%99%AF%E8%AF%BB%E5%86%99%E5%B9%B6%E5%8F%91)
    - [1.4 Myisam的锁调度是如何处理的](#14-myisam%E7%9A%84%E9%94%81%E8%B0%83%E5%BA%A6%E6%98%AF%E5%A6%82%E4%BD%95%E5%A4%84%E7%90%86%E7%9A%84)
- [2.InnoDB的事务机制](#2innodb%E7%9A%84%E4%BA%8B%E5%8A%A1%E6%9C%BA%E5%88%B6)
    - [2.1 事务的特性](#21-%E4%BA%8B%E5%8A%A1%E7%9A%84%E7%89%B9%E6%80%A7)
    - [2.2 并发事务的问题](#22-%E5%B9%B6%E5%8F%91%E4%BA%8B%E5%8A%A1%E7%9A%84%E9%97%AE%E9%A2%98)
    - [2.3 事务隔离机制](#23-%E4%BA%8B%E5%8A%A1%E9%9A%94%E7%A6%BB%E6%9C%BA%E5%88%B6)
- [3.InnoDB的行锁](#3innodb%E7%9A%84%E8%A1%8C%E9%94%81)
    - [3.1 查看InnoDB行锁竞争情况](#31-%E6%9F%A5%E7%9C%8Binnodb%E8%A1%8C%E9%94%81%E7%AB%9E%E4%BA%89%E6%83%85%E5%86%B5)
    - [3.2 Innodb的锁分类](#32-innodb%E7%9A%84%E9%94%81%E5%88%86%E7%B1%BB)
        - [3.2.1 InnoDB行锁\(行共享读锁-行排他写锁\)](#321-innodb%E8%A1%8C%E9%94%81%E8%A1%8C%E5%85%B1%E4%BA%AB%E8%AF%BB%E9%94%81-%E8%A1%8C%E6%8E%92%E4%BB%96%E5%86%99%E9%94%81)
        - [3.2.2 InnoDB内部使用的两种意向锁](#322-innodb%E5%86%85%E9%83%A8%E4%BD%BF%E7%94%A8%E7%9A%84%E4%B8%A4%E7%A7%8D%E6%84%8F%E5%90%91%E9%94%81)
        - [3.2.3 InnoDB行锁的实现方式](#323-innodb%E8%A1%8C%E9%94%81%E7%9A%84%E5%AE%9E%E7%8E%B0%E6%96%B9%E5%BC%8F)
    - [3.3 场景](#33-%E5%9C%BA%E6%99%AF)
        - [3.3.1 \[场景\]共享锁](#331-%E5%9C%BA%E6%99%AF%E5%85%B1%E4%BA%AB%E9%94%81)
        - [3.3.2 \[场景\]排他锁](#332-%E5%9C%BA%E6%99%AF%E6%8E%92%E4%BB%96%E9%94%81)
        - [3.3.3 \[场景\]多个重叠索引项也有可能阻塞](#333-%E5%9C%BA%E6%99%AF%E5%A4%9A%E4%B8%AA%E9%87%8D%E5%8F%A0%E7%B4%A2%E5%BC%95%E9%A1%B9%E4%B9%9F%E6%9C%89%E5%8F%AF%E8%83%BD%E9%98%BB%E5%A1%9E)
        - [3.3.4 \[场景\]使用相同索引键值的会引起阻塞](#334-%E5%9C%BA%E6%99%AF%E4%BD%BF%E7%94%A8%E7%9B%B8%E5%90%8C%E7%B4%A2%E5%BC%95%E9%94%AE%E5%80%BC%E7%9A%84%E4%BC%9A%E5%BC%95%E8%B5%B7%E9%98%BB%E5%A1%9E)
        - [3.3.5 \[场景\]未用索引导致全表加锁](#335-%E5%9C%BA%E6%99%AF%E6%9C%AA%E7%94%A8%E7%B4%A2%E5%BC%95%E5%AF%BC%E8%87%B4%E5%85%A8%E8%A1%A8%E5%8A%A0%E9%94%81)
        - [3.3.6 \[场景\]执行计划中没有用到索引依然是全表扫描](#336-%E5%9C%BA%E6%99%AF%E6%89%A7%E8%A1%8C%E8%AE%A1%E5%88%92%E4%B8%AD%E6%B2%A1%E6%9C%89%E7%94%A8%E5%88%B0%E7%B4%A2%E5%BC%95%E4%BE%9D%E7%84%B6%E6%98%AF%E5%85%A8%E8%A1%A8%E6%89%AB%E6%8F%8F)
    - [3.4 Next-Key锁](#34-next-key%E9%94%81)
- [打个总结](#%E6%89%93%E4%B8%AA%E6%80%BB%E7%BB%93)

<!-- /MarkdownTOC -->

&emsp;&emsp; **插件式存储引擎**是MySQL数据库的核心特性之一。

不同的存储引擎支持锁机制也是不同的：

- **Myisam**    表锁 (`table-level locking`)
- **InnoDB**    默认行锁(`row-level locking`) 也支持表锁
- BDB           页面锁(`page-level locking`)  也支持表锁

按照锁的特性划分：

- 表级锁
    + 开销小，加锁快，一般不会死锁，颗粒度大，锁容易冲突，**并发性低**；
    + 适合于以查询为主，只有少量按照索引更新的应用
- 行级锁
    + 开销大，加锁慢，可能会死锁，颗粒度小，锁冲突低，**并发性高**；
    + 适合于有大量按索引条件并发更新少量不同数据，同时又有并发查询的应用
- 页面锁
    + 开销和加锁时间介于表级锁与行级锁之间，并发性一般，也会出现死锁。


<a id="1-myisam%E7%9A%84%E8%A1%A8%E9%94%81"></a>
### 1. Myisam的表锁

<a id="11-%E6%9F%A5%E7%9C%8B%E5%BD%93%E5%89%8D%E7%B3%BB%E7%BB%9F%E4%B8%AD%E5%AF%B9%E8%A1%A8%E9%94%81%E7%9A%84%E4%BA%89%E5%A4%BA%E6%83%85%E5%86%B5"></a>
#### 1.1 查看当前系统中对表锁的争夺情况

```mysql
    mysql> show status like 'table_locks%';
+----------------------------+----------+
| Variable_name              | Value    |
+----------------------------+----------+
| Table_locks_immediate      | 10002211 |
| Table_locks_waited         | 2        | #【如果比较高，表锁竞争严重】
+----------------------------+----------+

#Table_locks_immediate[表示可以立即获得锁的次数]
#Table_locks_waited   [表示不能立即加锁，需要等待锁的次数，也就意味着锁等待]

#table_locks_waited/table_locks_immediate [值越高说明数据库的并发性越低]
```

<a id="12-myisam%E8%A1%A8%E7%BA%A7%E9%94%81%E8%A1%A8%E5%85%B1%E4%BA%AB%E8%AF%BB%E9%94%81-%E8%A1%A8%E7%8B%AC%E5%8D%A0%E5%86%99%E9%94%81"></a>
#### 1.2 Myisam表级锁(表共享读锁-表独占写锁)


表级别锁分为：**表共享读锁 (`Table Read Lock`)** 与 **表独占写锁 (`Table Write Lock`)**。

> 【**Myisam只有表级锁**】 只需要记住  **读锁共享，写锁互斥。** ！ ！ ！


- 读操作与写操作，以及写操作之间都是串行的；读与读之间可以并行，都能访问到。
    + **Myisam的表对并行的支持大量查询操作。**
- **读操作**：不会阻塞其他用户对同一个对应表的读请求，但是会阻塞对同一个表的写请求;
    + 隐式加锁：默认就是一个执行sql就对表会加上锁，然后返回结果，SQL语句执行完毕后自动释放锁；
        * Myisam在执行`select`语句的时候，会**自动**给涉及的表加**读锁**；
    + 显示加锁：**`lock table 表名 read;`**
        * **读锁(共享)**，都可以进行读取，但是不能更新操作；
        * lock语句一次锁定用到的所有的表，sql语句中出现表的别名，也要对**表别名进行加锁**。
        * 不能访问没有加锁的表。
    + 显示释放：`unlock tables;`
- **写操作**：会阻塞其他用户的读操作与写操作。
    + 隐式加锁：默认就是一个执行sql就对应表会加上锁，然后返回结果，SQL语句执行完毕后自动释放锁；
        *  Myisam在执行更新操作(`insert、update、delete`) 语句的时候，会**自动**给涉及的表加**写锁**;
    + 显示加锁：**`lock table 表名 write;`**
        * **写锁(互斥)**，就会阻塞其他终端执行读操作；
        * lock语句一次锁定用到的所有的表，sql语句中出现表的别名，也要对**表别名进行加锁**。
        * 不能访问没有加锁的表。
    + 显示释放：`unlock tables;`


<a id="%E5%9C%BA%E6%99%AF%E8%AF%BB%E9%98%BB%E5%A1%9E%E5%86%99"></a>
#####  [场景]读阻塞写

通过上面了解到显示加锁，那么接下来看一下具体场景来感受表锁的特点。

- 我们显示加锁的目的，是为了实现同一个时间点，模拟多表的一致性读取数据。
- 因为隐式的话，会在一个sql执行的时候加锁，返回结果的时候会自动释放。

```mysql
-- use database --
use test;
-- create table --
CREATE TABLE `table_lock` (
  `id`   tinyint(10) unsigned NOT NULL AUTO_INCREMENT COMMENT '自增id',
  `name` char(20)             NOT NULL DEFAULT '' COMMENT '名字',
   PRIMARY KEY (`id`)
) ENGINE=MyISAM DEFAULT CHARSET=utf8 COMMENT '表级锁测试';

-- insert --
insert into table_lock values (1,'DB'),(2,'Mysql'),(3,'Myisam'),(4,'Table Lock');

-- select --
mysql> select * from table_lock;
+----+------------+
| id | name       |
+----+------------+
|  1 | DB         |
|  2 | Mysql      |
|  3 | Myisam     |
|  4 | Table Lock |
+----+------------+
```


- 两个会话 Session1 Session2 也就相当于两个窗口

- 读取当前表
```mysql
-- Session 1 --

-- 显示加读锁 --
mysql> lock table table_lock read;
Query OK, 0 rows affected (0.00 sec)

-- 当前会话可以读取到数据 --
mysql> select * from table_lock where id = 4;
+----+------------+
| id | name       |
+----+------------+
|  4 | Table Lock |
+----+------------+
1 row in set (0.00 sec)
```

```mysql

-- Session 2  --
-- 隐式加读锁 --
-- 另一个会话也可以读取数据
-- 隐式表共享锁 释放 --
mysql>  select * from table_lock where id = 4;
+----+------------+
| id | name       |
+----+------------+
|  4 | Table Lock |
+----+------------+
1 row in set (0.00 sec)
```

- 读取其他表
```mysql

-- Session 1 --
-- 必须要对齐进行加锁才可以读取  --
-- 当前的会话 想要读取其他的表 报错!!!--
mysql> select * from article;
ERROR 1100 (HY000): Table 'article' was not locked with LOCK TABLES
```

```mysql

-- Sessio 2 --
-- 隐式加锁 --
-- 其他的会话 可以读取其他的表  --
mysql> select * from article where id = 1;
+----+---------+-----+---------------------+
| id | title   | cid | time                |
+----+---------+-----+---------------------+
|  1 | 新闻1   |   1 | 2019-09-09 11:14:49 |
+----+---------+-----+---------------------+
```

- 更新当前表
```mysql

-- Session 1 --
-- 当前会话想要更新 增/删/改 锁定的表 提示错误 因为我们加的是 只读锁 EAD lock and can't be updated  --
mysql> insert into table_lock values (5,'测试插入');
ERROR 1099 (HY000): Table 'table_lock' was locked with a READ lock and can't be updated

mysql> update table_lock set name = '修改记录' where id = 4;
ERROR 1099 (HY000): Table 'table_lock' was locked with a READ lock and can't be updated

mysql> delete from table_lock where id = 4;
ERROR 1099 (HY000): Table 'table_lock' was locked with a READ lock and can't be updated
```

```mysql
-- Session 2 --
-- 另一个会话想修改 被Session 1加读锁的 表   会阻塞--
mysql>  update table_lock set name = '修改记录' where id = 4;

-- 持续阻塞 --
```

- Session 1释放锁
```mysql
mysql> unlock tables;
Query OK, 0 rows affected (0.00 sec)
```
+ Session 2得到 写锁，停止阻塞 完成更新操作
```mysql
mysql>  update table_lock set name = '修改记录' where id = 4;
Query OK, 1 row affected (1 min 33.80 sec)
Rows matched: 1  Changed: 1  Warnings: 0

-- 最终结果 --
mysql> select * from table_lock;
+----+--------------+
| id | name         |
+----+--------------+
|  1 | DB           |
|  2 | Mysql        |
|  3 | Myisam       |
|  4 | 修改记录     |
+----+--------------+
4 rows in set (0.00 sec)
```

<a id="13-%E5%B9%B6%E5%8F%91%E6%8F%92%E5%85%A5concurrent-inserts"></a>
#### 1.3 并发插入(Concurrent Inserts)

> 【**Myisam只有表级锁**】 读锁共享，写锁互斥。
> 但是读取（select）和插入（insert）在特殊情况下可以并发执行！


- Myisam读写操作
    + 总体来说，Myisam表的 读操作 与 写操作 是串行的。
    + 特殊情况，Myisam表也支持 **查询与插入的 并发执行**。
- 并发插入的**系统变量**  **`concurrent_insert`**
    + Myisam存储引擎有一个系统变量 专门用于控制并发插入的行为，有三种情况；
    + `concurrent_insert = 0`
        * 不允许并发插入；
    + `concurrent_insert = 1`
        * **Mysql默认行为**
        * 如果Myisam表没有空洞（没有删除过记录），那么可以允许一个进程在读取表，另一个进程从表尾部插入记录。
    + `concurrent_insert = 2`
        * 无论有无空洞，都将强制表尾并发插入。
- 解决查询与插入锁冲突
    * 如果应用中同一个表的查询与插入锁的争夺比较多，可以直接设置值等于2
    * 同时我们为了避免空洞的影响，可以定期进行**整理空洞碎片`optimize table 表名`**。

<a id="%E5%9C%BA%E6%99%AF%E8%AF%BB%E5%86%99%E5%B9%B6%E5%8F%91"></a>
##### [场景]读写并发

- Session 1 先进行 read local 加锁
- 加**local**也就是满足Myisam表在并发插入条件下，允许在表尾进行插入记录。
```mysql
-- 进行加锁 --
mysql> lock table table_lock read local;
Query OK, 0 rows affected (0.00 sec)
```

- 分别进行操作

```mysql
-- Session 1 --
-- 读锁 可以进行查询 --
mysql> select * from table_lock where id = 4;
+----+--------------+
| id | name         |
+----+--------------+
|  4 | 修改记录     |
+----+--------------+
1 row in set (0.00 sec)

-- 更新操作都会失败 --
mysql> insert into table_lock values (5,'测试插入');
ERROR 1099 (HY000): Table 'table_lock' was locked with a READ lock and can't be updated
mysql> update table_lock set name = '测试修改' where id = 4;
ERROR 1099 (HY000): Table 'table_lock' was locked with a READ lock and can't be updated
mysql> delete from  table_lock where id = 4;
ERROR 1099 (HY000): Table 'table_lock' was locked with a READ lock and can't be updated
```

```mysql
-- Session 2 --
-- 进行查询 隐式的 读共享锁--
mysql> select * from table_lock where id = 4;
+----+--------------+
| id | name         |
+----+--------------+
|  4 | 修改记录     |
+----+--------------+
1 row in set (0.00 sec)

-- 进行插入 隐式的 写锁--
-- 也就是说我们Session1对 table_lock加上了读锁，Myisam也能支持部分的并发插入 ！！！--
【插入成功】  这里重点体现了 并发插入!!!
mysql>  insert into table_lock values (5,'测试插入');
Query OK, 1 row affected (0.00 sec)

-- 更新阻塞 因为这个表 之前被Session1 加上了读锁，而读锁与写锁是互斥，所以需要等待读锁释放--
mysql>  update table_lock set name = '测试修改' where id = 4;

```


- Session 1 释放读锁
```mysql
-- Session 1 --
-- 释放 读锁
mysql> unlock tables;
Query OK, 0 rows affected (0.00 sec)
```
- Session 2 获得写锁
```mysql
-- Session 2 --
-- 同时 隐式 获取到写锁 进行修改
mysql>  update table_lock set name = '测试修改' where id = 4;
Query OK, 1 row affected (1 min 56.76 sec)
Rows matched: 1  Changed: 1  Warnings: 0
```

- 最后结果
```mysql
mysql> select * from table_lock ;
+----+--------------+
| id | name         |
+----+--------------+
|  1 | DB           |
|  2 | Mysql        |
|  3 | Myisam       |
|  4 | 测试修改     |-- 这里是Session1 释放读锁后， Session2获得写锁，进行修改
|  5 | 测试插入     |-- 这里是Session1上有读锁，但是Session2可以进行并发插入表尾部。提高了效率。
+----+--------------+
5 rows in set (0.00 sec)
```


<a id="14-myisam%E7%9A%84%E9%94%81%E8%B0%83%E5%BA%A6%E6%98%AF%E5%A6%82%E4%BD%95%E5%A4%84%E7%90%86%E7%9A%84"></a>
#### 1.4 Myisam的锁调度是如何处理的

共享读锁，独占表锁，两个是互斥的，又是串行的。

那么如果同一个表，一个进程请求读锁，一个进程请求写锁。那么Mysql处理方式是如何的。

- 两个参数 **启动参数 `low_priority_updates`** 与  **系统参数`max_write_lock_count`**
    + `low_priority_updates`
        * 设置是OFF; 查询请求比写请求重要。所以**读锁可能优先级高一些**。
        * 设置是On; 更新请求比读请求重要。所以写锁可能优先级高一些。
    + `max_write_lock_count`
        * 这个值的大小是表示，当表的读锁超过这个阈值，那么暂时降低写请求，让**读进程获得一定的机会**。
        * 这个值默认是 2^64-1
- 总的来说 Myisam的默认还是在写请求上会给更多的机会！
    + 这也是myisam不利于大量更新与查询，这样有可能造成查询一直在阻塞，难以获取读锁。
```mysql
mysql> show variables like 'low_priority_updates';
    +----------------------+-------+
    | Variable_name        | Value |
    +----------------------+-------+
    | low_priority_updates | OFF   |[默认值：off]
    +----------------------+-------+
    1 row in set (0.00 sec)

mysql> show variables like 'max_write_lock_count';
    +----------------------+----------------------+
    | Variable_name        | Value                |
    +----------------------+----------------------+
    | max_write_lock_count | 18446744073709551615 |[默认值：2的64次方减1]
    +----------------------+----------------------+
    1 row in set (0.00 sec)
```


<a id="2innodb%E7%9A%84%E4%BA%8B%E5%8A%A1%E6%9C%BA%E5%88%B6"></a>
### 2.InnoDB的事务机制

Innodb默认支持**事务(`transaction`)**和**行级锁(`Row level lock`)**；

<a id="21-%E4%BA%8B%E5%8A%A1%E7%9A%84%E7%89%B9%E6%80%A7"></a>
#### 2.1 事务的特性

事务(`transaction`)是一组SQL组成的逻辑处理单元。

　事务的四大特性ACID
* **原子性**(`Atomicity`)
    - 事务是作为**原子操作单元**。要么全部ok，要么全部不ok
* **一致性**(`Consistent`)
    - 数据保持**一致性**状态，完整性
* **隔离性**(`Isolation`)
    - 提供隔离机制，保证事务不受外部并发操作影响的 独立环境执行，**中间过程外部不可见**。
* **持久性**(`Durable`)
    - 事务完成后，对数据修改是**永久**的。

<a id="22-%E5%B9%B6%E5%8F%91%E4%BA%8B%E5%8A%A1%E7%9A%84%E9%97%AE%E9%A2%98"></a>
#### 2.2 并发事务的问题

并发执行事务相比串行，可以大大提高资源的利用率，事务的吞吐量。但是也会带来一些**数据一致性**的问题；

- **更新丢失**(`Lost Update`)
    + 多个事务对同一行进行更新，会产生**覆盖**了前面的更改。
    + 这种问题应该在应用层面，最好通过代码来进行加锁进行必要的控制，而不能单单依赖于数据库。
- **脏读**(`Dirty Reads`)
    + 一个事务，修改某个记录，在未提交前，被另外的事务**读取**到啦。
- **不可重复读**(`Non-Repeatable Reads`)
    + 一个事务读取某个记录后，再次读取之前记录，发现已经**被修改**记录啦。
- **幻读**(`Phantom Reads`)
    + 一个事务读取数据，再次读取之前检索的数据，发现其他事务**插入**新的满足记录的数据。

<a id="23-%E4%BA%8B%E5%8A%A1%E9%9A%94%E7%A6%BB%E6%9C%BA%E5%88%B6"></a>
#### 2.3 事务隔离机制

**数据库的一致性**的问题必须通过数据库提供的**事务隔离机制**来解决。

**数据库事务隔离方式**

1. 加锁
    - 读取数据之前进行加锁
    - 阻止其他事务进行修改
2. 数据多版本并发控制（MVCC）
    - 通过一定机制生成数据请求时间点的一致性数据快照 （Snapshot）
    - 并用这个快照提供一定**事务级别**的一致性读取
    - 所以从用户角度看这个数据库，好像可以提供同一个数据的多个版本

**事务的隔离等级**

- 事务隔离越严格，并发的副作用越小，但是付出的代价也比较高。
    + 实质： 事务在一定程度上进行串行化，这个与并发是互相矛盾的。
    + 区别： 重点在于 **数据隔离性** 和 **数据的并发性**。

- ISO/ANSI SQL92 定义了**四种事务隔离级别**。
    + **未提交读**(`Read uncommitted`)
        * 就是会引起脏读(Dirty Reads)，也就是并发事务的问题之一。
    + **已提交读**(`Read committed`)
        * 可以避免脏读
    + **可重复读**(`Repeatable read`)
        * 可以避免脏读，不可重复读
    + **可序列化**(`Seriallzable`)
        * 最高级别，可以避免脏读，不可重复读，幻读。


<a id="3innodb%E7%9A%84%E8%A1%8C%E9%94%81"></a>
### 3.InnoDB的行锁

> **“行锁是基于索引项加锁的”** ！ ！ ！ （你要始终记得这句话）

<a id="31-%E6%9F%A5%E7%9C%8Binnodb%E8%A1%8C%E9%94%81%E7%AB%9E%E4%BA%89%E6%83%85%E5%86%B5"></a>
#### 3.1 查看InnoDB行锁竞争情况


- 查询状态变量`InnoDB_row_lock_waits` 和 `InnoDB_row_lock_time_avg` 这两个值如果比较高就是竞争严重
- 使用语句：`show status like 'innodb_row_lock%'`
```mysql
-- 查看innodb行锁竞争情况 --
mysql> show status like 'innodb_row_lock%';
+-------------------------------+-------+
| Variable_name                 | Value |
+-------------------------------+-------+
| Innodb_row_lock_current_waits | 0     |【当前正在等待锁的数量】
| Innodb_row_lock_time          | 161924|【从系统启动到现在锁定总时间长度】
| Innodb_row_lock_time_avg      | 81    |【每次等待所花平均时间】       ===========>
| Innodb_row_lock_time_max      | 3485  |【从系统启动到现在等待最长的一次所花的时间长度】
| Innodb_row_lock_waits         | 1996  |【系统启动到现在总共等待的次数】===========>
+-------------------------------+-------+
```

<a id="32-innodb%E7%9A%84%E9%94%81%E5%88%86%E7%B1%BB"></a>
#### 3.2 Innodb的锁分类

<a id="321-innodb%E8%A1%8C%E9%94%81%E8%A1%8C%E5%85%B1%E4%BA%AB%E8%AF%BB%E9%94%81-%E8%A1%8C%E6%8E%92%E4%BB%96%E5%86%99%E9%94%81"></a>
##### 3.2.1 InnoDB行锁(行共享读锁-行排他写锁)

- **行共享锁(S)**
    + 允许一个事务去读取一行，同时阻止其他事务获取相同数据集的 排他锁；
    + 显示加锁`select * from 表名 where 条件 lock in share mode`
- **行排他锁(X)**
    + 允许获取排他锁的事务，更新数据，阻止其他事务取得相同的数据集的共享读锁，排他写锁；
    + 显示加锁`select * from 表名 where 条件 for update`

<a id="322-innodb%E5%86%85%E9%83%A8%E4%BD%BF%E7%94%A8%E7%9A%84%E4%B8%A4%E7%A7%8D%E6%84%8F%E5%90%91%E9%94%81"></a>
##### 3.2.2 InnoDB内部使用的两种意向锁
- 作用：为了实现Innodb不仅支持行锁，也支持表级锁，从而实现的**多粒度锁机制**，是InnoDB自动加的，不需要用户干预。
- 意向共享锁(IS):
    + 事务打算给数据加上共享锁，但加锁前先获得表的IS锁
- 意向排他锁(IX):
    + 事务打算给数据加上排他锁，但加锁前先获得表的IX锁

<a id="323-innodb%E8%A1%8C%E9%94%81%E7%9A%84%E5%AE%9E%E7%8E%B0%E6%96%B9%E5%BC%8F"></a>
##### 3.2.3 InnoDB行锁的实现方式
- **实质**：行锁是通过索引上的**索引项**加锁实现的，如果没有索引，那么InnoDB会通过隐藏的索引rowId来对记录加锁。
- **注意**：如果不通过**索引**去检索数据，那么InnoDB便会对表中的所有记录进行加锁，也就是跟表锁效果一样。
- 加锁方式主要分为三种情况
    + `Record lock`
        * 对索引项进行加锁
    + `Gap lock`
        * 对索引项的间隙进行加锁，对第一条记录前的间隙；或者对最后一条记录后的间隙；
    + `Next-key lock`
        * 前两种的结合，对记录及其前面的间隙进行加锁。


<a id="33-%E5%9C%BA%E6%99%AF"></a>
#### 3.3 场景

<a id="331-%E5%9C%BA%E6%99%AF%E5%85%B1%E4%BA%AB%E9%94%81"></a>
##### 3.3.1 [场景]共享锁

> `select * from table where id = ？ lock in share mode;`  // 在对应table的某一行上加共享锁S

- 共享锁
```mysql
-- 新建一个innodb的表row_lock --
CREATE TABLE `row_lock` (
  `id` tinyint(10) unsigned NOT NULL AUTO_INCREMENT COMMENT '自增id',
  `name` char(20) NOT NULL DEFAULT '' COMMENT '名字',
  PRIMARY KEY (`id`)
) ENGINE=InnoDB DEFAULT CHARSET=utf8 COMMENT='行级锁测试'

-- 插入四条记录 --
mysql> insert into row_lock values (1,'DB'),(2,'Mysql'),(3,'InnoDB'),(4,'Row Lock');
Query OK, 4 rows affected (0.02 sec)
Records: 4  Duplicates: 0  Warnings: 0

-- 查看该表的记录 --
mysql> select * from row_lock;
| id | name     |
+----+----------+
|  1 | DB       |
|  2 | Mysql    |
|  3 | InnoDB   |
|  4 | Row Lock |
+----+----------+
```

- 关闭自动提交
```mysql
-- Session 1 Session 2  都进行关闭事务自动提交--
mysql> set autocommit = 0;
Query OK, 0 rows affected (0.00 sec)

-- Session 1 Session 2  都可以进行读取数据--
mysql> select * from row_lock where id = 4;
+----+----------+
| id | name     |
+----+----------+
|  4 | Row Lock |
+----+----------+
1 row in set (0.00 sec)
```

- 对id=4这行记录加上 行共享读锁
```mysql
-- Session 1 Session 2 都执行命令 进行下面的显示加锁---
mysql> select * from row_lock where id = 4 lock in share mode;
+----+----------+
| id | name     |
+----+----------+
|  4 | Row Lock |
+----+----------+
1 row in set (0.00 sec)
```

- Session 1 对锁定的id=4的记录 进行更新，也就是要升级锁啦，加排他锁更新数据；
```
-- Session 1 更新 已经锁定的行记录 阻塞中 --
mysql> update row_lock set name = 'innodb_row_lock' where id = 4;

-- Session 2 更新 阻塞中 ---
mysql> update row_lock set name = 'innodb_row_lock' where id = 4;

-- Session  2 由于死锁退出
mysql> update row_lock set name = 'innodb_row_lock' where id = 4;
ERROR 1205 (HY000): Lock wait timeout exceeded; try restarting transaction

-- Session 1 获得更新
mysql> update row_lock set name = 'innodb_row_lock' where id = 4;
Query OK, 1 row affected (4.40 sec)
Rows matched: 1  Changed: 1  Warnings: 0

-- 都进行提交事务 --
set autocommit = 0;
```
<a id="332-%E5%9C%BA%E6%99%AF%E6%8E%92%E4%BB%96%E9%94%81"></a>
##### 3.3.2 [场景]排他锁

```mysql
-- 关闭自动提交事务 --

-- Session 1 Session 2 都进行查询--
mysql> select * from row_lock where id = 4;
+----+-----------------+
| id | name            |
+----+-----------------+
|  4 | innodb_row_lock |
+----+-----------------+
1 row in set (0.01 sec)

```

- 加排他锁
```mysql
-- Session 1 --
mysql> select * from row_lock where id = 4 for update;
+----+-----------------+
| id | name            |
+----+-----------------+
|  4 | innodb_row_lock |
+----+-----------------+
1 row in set (0.00 sec)

mysql> select * from row_lock where id = 4 ;
+----+-----------------+
| id | name            |
+----+-----------------+
|  4 | innodb_row_lock |
+----+-----------------+
1 row in set (0.00 sec)
-- Session 2 可以读取数据  行共享锁--
mysql>  select * from row_lock where id = 4 ;
+----+-----------------+
| id | name            |
+----+-----------------+
|  4 | innodb_row_lock |
+----+-----------------+
1 row in set (0.00 sec)

```

- 修改
```mysql
-- Session 1 对排他锁锁住的数据 进行修改  --
mysql> update row_lock set name = 'row_lock' where id  = 4;
Query OK, 1 row affected (0.00 sec)
Rows matched: 1  Changed: 1  Warnings: 0
-- 提交事务 --
mysql> commit ;
Query OK, 0 rows affected (0.01 sec)

mysql> select * from row_lock where id = 4 ;
+----+----------+
| id | name     |
+----+----------+
|  4 | row_lock |
+----+----------+
1 row in set (0.00 sec)


-- Session 2 可以读取其他的题提交的记录 --
mysql>  select * from row_lock where id = 4 for update;
+----+----------+
| id | name     |
+----+----------+
|  4 | row_lock |
+----+----------+
1 row in set (0.00 sec)
```

<a id="333-%E5%9C%BA%E6%99%AF%E5%A4%9A%E4%B8%AA%E9%87%8D%E5%8F%A0%E7%B4%A2%E5%BC%95%E9%A1%B9%E4%B9%9F%E6%9C%89%E5%8F%AF%E8%83%BD%E9%98%BB%E5%A1%9E"></a>
##### 3.3.3 [场景]多个重叠索引项也有可能阻塞

> “**InnoDB行锁是基于的索引项的值**”，根据不同的索引加锁，也可能会有部分重叠的数据，从而引起阻塞

- 即使有多个索引，只要索引项的行，如果进行加锁，重叠的索引项也会引起阻塞

- id和name上都有索引
```mysql
-- 还是同一个表 重新开启两个会话
-- 给name加索引
mysql> alter table row_lock_index add index name(name);
Query OK, 0 rows affected (3.30 sec)
Records: 0  Duplicates: 0  Warnings: 0
-- 都有索引
mysql> desc row_lock_index;
+-------+----------------------+------+-----+---------+-------+
| Field | Type                 | Null | Key | Default | Extra |
+-------+----------------------+------+-----+---------+-------+
| id    | tinyint(10) unsigned | NO   | MUL | NULL    |       |
| name  | char(20)             | NO   | MUL |         |       |
+-------+----------------------+------+-----+---------+-------+
-- 清空一下数据 --
mysql> truncate table row_lock_index;
Query OK, 0 rows affected (7.65 sec)
-- 重新插入4条记录 --
mysql> insert into row_lock_index values(1,'one'),(1,'DB'),(2,'two'),(2,'DB');.
Query OK, 4 rows affected (0.00 sec)
Records: 4  Duplicates: 0  Warnings: 0
-- 看记录
mysql>  select id,name from row_lock_index;
+----+------+
| id | name |
+----+------+
|  1 | one  |
|  1 | DB   |
|  2 | two  |
|  2 | DB   |
+----+------+
4 rows in set (0.00 sec)

-- 关闭事务自动提交
mysql>  set autocommit = 0;
Query OK, 0 rows affected (0.00 sec)
```

- 两个会话分别加锁
```mysql
- Session1 按照id索引，对id=1的行进行加锁    [正常]
mysql>  select * from row_lock_index where id = 1 for update;
+----+------+
| id | name |
+----+------+
|  1 | one  |
|  1 | DB   |
+----+------+
2 rows in set (0.00 sec)

- Session2 按照name索引 对name='two'的进行加锁  [正常]
mysql>  select * from row_lock_index where name = 'two' for update;
+----+------+
| id | name |
+----+------+
|  2 | two  |
+----+------+
1 row in set (0.00 sec)

【本质：行锁是基于索引项进行加锁；根据不同的索引加锁，也可能会有重叠的部分引起阻塞】
- Session2 按照name索引，对name='DB' 的记录进行加锁 [阻塞]
mysql>  select * from row_lock_index where name = 'DB' for update;
ERROR 1205 (HY000): Lock wait timeout exceeded; try restarting transaction
```

<a id="334-%E5%9C%BA%E6%99%AF%E4%BD%BF%E7%94%A8%E7%9B%B8%E5%90%8C%E7%B4%A2%E5%BC%95%E9%94%AE%E5%80%BC%E7%9A%84%E4%BC%9A%E5%BC%95%E8%B5%B7%E9%98%BB%E5%A1%9E"></a>
##### 3.3.4 [场景]使用相同索引键值的会引起阻塞

> “**行锁是基于索引项进行加锁的，而不是针对某行记录**” 虽然你可能访问的是不同行的记录，但是如果索引值相同，也是会出现锁冲突的； 所以最好是**唯一索引**，避免对同一个索引值的多条记录造成影响；

- 插入相同索引值的多条记录
```mysql
-- 还是同一个表 重新开启两个会话
mysql> select * from row_lock_index;
+----+----------+
| id | name     |
+----+----------+
|  1 | DB       |
|  2 | Mysql    |
|  3 | Innodb   |
|  4 | Row-lock |
|  5 | no-index |
+----+----------+
-- 这次我们针对再插入id=5的多个记录 --
mysql> insert into row_lock_index values(5,'no'),(5,'index'),(5,'not unique');
Query OK, 3 rows affected (0.00 sec)
Records: 3  Duplicates: 0  Warnings: 0

-- 看一下表中数据 id= 5 --
mysql> select * from row_lock_index where id = 5;
+----+------------+
| id | name       |
+----+------------+
|  5 | no-index   |
|  5 | no         |
|  5 | index      |
|  5 | not unique |
+----+------------+
4 rows in set (0.00 sec)

-- Session1 Session2 关闭后自动恢复自动提交事务状态
mysql>  set autocommit = 0;
```

- 两个会话分别对不同的记录行进行加锁
```mysql
- Session1 加锁
mysql> select * from row_lock_index where id = 5 and name = 'no' for update;
+----+------+
| id | name |
+----+------+
|  5 | no   |
+----+------+
1 row in set (0.00 sec)

【本质：行锁是基于索引项进行加锁】
- Session2 加锁  虽然是不同行，但是索引值都是5 所以实际上已经被Session1 加上锁。因此会阻塞
mysql> select * from row_lock_index where id = 5 and name = 'index' for update;
ERROR 1205 (HY000): Lock wait timeout exceeded; try restarting transaction
```

<a id="335-%E5%9C%BA%E6%99%AF%E6%9C%AA%E7%94%A8%E7%B4%A2%E5%BC%95%E5%AF%BC%E8%87%B4%E5%85%A8%E8%A1%A8%E5%8A%A0%E9%94%81"></a>
##### 3.3.5 [场景]未用索引导致全表加锁

- 在不通过索引条件查询的时候，InnoDB会对表中的所有记录锁定
```mysql
-- 创建一个innodbd的表  没有索引--
CREATE TABLE `row_lock_index` (
  `id` tinyint(10) unsigned NOT NULL COMMENT '自增id',
  `name` char(20) NOT NULL DEFAULT '' COMMENT '名字'
) ENGINE=InnoDB  DEFAULT CHARSET=utf8 COMMENT='行级锁索引测试';

-- 插入一些数据 --
insert into row_lock_index values(1,'DB'),(2,'Mysql'),(3,'Innodb'),(4,'Row-lock'),(5,'no-index');

-- 查看表中的数据 --
mysql> select * from row_lock_index;
+----+----------+
| id | name     |
+----+----------+
|  1 | DB       |
|  2 | Mysql    |
|  3 | Innodb   |
|  4 | Row-lock |
|  5 | no-index |
+----+----------+
5 rows in set (0.00 sec)
```

- 开启两个会话 Session1 Session2
```mysql
-- 会话都关闭自动提交事务 --
mysql>  set autocommit = 0;
```

- 分别进行查询数据
```mysql
-- Session 1 Session 2 进行查询id=5 效果一样--
mysql> select * from row_lock_index where id = 5;
+----+----------+
| id | name     |
+----+----------+
|  5 | no-index |
+----+----------+
1 row in set (0.01 sec)
```

- Session1 对一行进行加排他锁
```mysql
-- Session1--
mysql> select * from row_lock_index where id = 5 for update;
+----+----------+
| id | name     |
+----+----------+
|  5 | no-index |
+----+----------+
1 row in set (0.00 sec)
```

- Session 2 对另外一行加排他锁 阻塞
```mysql
【本质：行锁是基于索引的行进行加锁;未用到索引，那么会加全表锁】
-- Session2 阻塞中
mysql> select * from row_lock_index where id =  1 for update;
-- 等待超时 停止
ERROR 1205 (HY000): Lock wait timeout exceeded; try restarting transaction

-- 实际上你加 共享读锁，也不行，因为Session1 对整个表加了排他锁
mysql> select * from row_lock_index where id =  1 lock in share mode;
ERROR 1205 (HY000): Lock wait timeout exceeded; try restarting transaction
```

- 关于锁等待阻塞时间
    + InnoDB事务等待一个行级锁最长时间`innodb_lock_wait_timeout`（秒），超过这个时间就会放弃。默认值是50秒。
```mysql
-- 一个事务A试图访问一行数据，但是这行数据正在被另一个innodb事务B锁定，--
-- 此时事务A就会等待事务B释放锁，等待超过innodb_lock_wait_timeout设置的值就会报错ERROR 1205 (HY000)--
mysql> show variables like 'innodb_lock_wait_timeout';
+--------------------------+-------+
| Variable_name            | Value |
+--------------------------+-------+
| innodb_lock_wait_timeout | 50    |
+--------------------------+-------+
1 row in set (0.35 sec)
```


- 如果给id加上索引
```mysql
-- 由于刚才加了锁，现在我们重新打开两个会话窗口 --
-- 对id加索引 --
mysql> alter table row_lock_index add index id(id);
Query OK, 0 rows affected (0.08 sec)
Records: 0  Duplicates: 0  Warnings: 0
```

- 分别查询一下数据
```mysql
-- Session1
mysql> select * from row_lock_index where id = 1;
+----+------+
| id | name |
+----+------+
|  1 | DB   |
+----+------+
1 row in set (0.00 sec)

-- Session2
mysql>  select * from row_lock_index where id = 2;
+----+-------+
| id | name  |
+----+-------+
|  2 | Mysql |
+----+-------+
1 row in set (0.00 sec)
```

-- 分别对某行加排他锁
```mysql
-- Session1 加锁成功
mysql> select * from row_lock_index where id = 1 for update;
+----+------+
| id | name |
+----+------+
|  1 | DB   |
+----+------+
1 row in set (0.00 sec)

-- Session2 加锁成功
mysql>  select * from row_lock_index where id = 2 for update;
+----+-------+
| id | name  |
+----+-------+
|  2 | Mysql |
+----+-------+
1 row in set (0.00 sec)
```

<a id="336-%E5%9C%BA%E6%99%AF%E6%89%A7%E8%A1%8C%E8%AE%A1%E5%88%92%E4%B8%AD%E6%B2%A1%E6%9C%89%E7%94%A8%E5%88%B0%E7%B4%A2%E5%BC%95%E4%BE%9D%E7%84%B6%E6%98%AF%E5%85%A8%E8%A1%A8%E6%89%AB%E6%8F%8F"></a>
##### 3.3.6 [场景]执行计划中没有用到索引依然是全表扫描

> “**行锁是基于索引项的**” 所以尽量在Innodb的使用查询的时候尽量使用到索引，不仅仅加速查询效率，也是避免全表加锁。

- 重新开启两个会话
```mysql
-- 还是上面的表
-- 下面的查询语句中虽然有索引id,但是我们看到执行计划中，由于用的是不等于，走的是全表。
mysql> explain  select * from row_lock_index where id != 1 \G
*************************** 1. row ***************************
           id: 1
  select_type: SIMPLE
        table: row_lock_index
   partitions: NULL
         type: ALL
possible_keys: id
          key: NULL
      key_len: NULL
          ref: NULL
         rows: 4
     filtered: 75.00
        Extra: Using where
1 row in set, 1 warning (0.00 sec)

-- 两个会话关闭自动提交
mysql> set autocommit = 0;
Query OK, 0 rows affected (0.00 sec)

```
- Session1 进行加锁
```mysql
-- 针对id != 1的索引项进行加锁，由于没有使用到索引，所以是进行的全表加锁。
mysql> select * from row_lock_index where id !=1 for update;
+----+------+
| id | name |
+----+------+
|  2 | two  |
|  2 | DB   |
+----+------+
2 rows in set (0.00 sec)
```

- Session2 进行加锁
```mysql
【本质：行锁是基于索引项进行加锁】
-- 由于Session1 是全表加锁，所以Session2造成阻塞
mysql> select * from row_lock_index where id = 1 for update;
ERROR 1205 (HY000): Lock wait timeout exceeded; try restarting transaction
```


<a id="34-next-key%E9%94%81"></a>
#### 3.4 Next-Key锁

- 行锁是基于索引项进行加锁的；
- 当我们用索引按照等值进行检索数据的时候，是对指定的索引项的行进行加共享或排他锁；
- 当我们用索引按照范围进行检索数据的时候，请求共享或者排他锁。
    + 采用的锁机制：Next-key机制
    + InnoDB会给符合条件的已经有数据记录的索引项加锁；
    + InnoDB也会给符合条件范围的，但是不存在的记录，也就是（间隙GAP）进行加锁；
    + 例如
        * 一个test表中，只有1、2、3、4、.....101条记录，进行加锁
        * select * from test where id > 100 for update
        * 这样不仅仅会给101的记录加锁，也会给102等后面这些大于101的记录间隙进行加锁，即使他们并不存在。

**目的**：
- 防止幻读，符合相关隔离等级
    + 如果不用next-key，那么其他事务插入大于100的任何记录，当前事务如果再次读取就会发生幻读，读到新的数据。
- 满足恢复和复制



<a id="%E6%89%93%E4%B8%AA%E6%80%BB%E7%BB%93"></a>
### 打个总结

- Myisam表锁
    + **Myisam读写是串行的**
        * 共享读锁(S)之间是兼容的；
        * 共享读锁(S)与排他写锁(X)是互斥的；
        * 排他写锁(X)与排他写锁(X)之间是互斥的；
    + 一定条件下，允许**查询与插入并发执行**
        * 可以一定程度解决锁争用的问题；
    + 锁调度机制
        * 默认是写优先(insert 、 update 、 delete)
        * 可以调节启动参数`low_priority_updates` 与 系统参数`max_write_lock_count` 选项来修改读写锁的优先级
- 事务
    + 事务的四大特性ACID
        * 原子性(Atomicity)
        * 一致性(Consistent)
        * 隔离性(Isolation)
        * 持久性(Durable)
    + 并发事务的问题
        * 更新丢失： 多个事务对同一个记录修改，**覆盖**了之前的操作。
        * 脏读    ： 一个事务修改某个记录，未完成，已经被其他事务**读取**到；
        * 不可重复读：一个事务读取某个记录，再次读取，发现被**修改**拉；
        * 幻读    ： 一个事务读取数据，再次读取，发现有**新的记录**；
    + 隔离等级
        * 未提交读： 造成脏读
        * 已提交读： 避免脏读
        * 可重复读： 避免脏读、不可重复读
        * 可序列化： 避免脏读、不可重复读、幻读
- InnoDB行锁
    + 查看行锁的情况
        * `show status like 'innodb_row_lock%'`
        * 其中`Innodb_row_lock_time_avg `和`Innodb_row_lock_waits ` 值不能太高。
    + 行锁
        * 行共享锁(S) 与 行排他锁(X)
    + **Innodb行锁是基于索引实现的**
        * 所以如果没有通过索引来访问数据，是会对整个表进行加锁
        * 通过合理的设计索引，使用索引访问数据，可以让行锁加的更加精确
    + 实现行锁的方式
        * Record lock   (索引项进行加锁)
        * Gap lock      (对索引项的间隙进行加锁)
        * Next-key lock (对记录及其前面的间隙进行加锁)
